2026-07-02 15:59:12,850  Matched 12 image/AOI pairs
2026-07-02 15:59:12,851  Building dataloaders…
2026-07-02 15:59:38,763  Tile counts — train: 7081 val: 3058  test: 5936
2026-07-02 15:59:39,311  Model loaded (FPN/ResNet50, 8-band input, 2 output classes)
2026-07-02 15:59:39,470  Starting training for 1 epochs
2026-07-02 15:59:39,472  train_ds: 7081 items
2026-07-02 15:59:39,473  test_ds: 5936 items
2026-07-02 15:59:39,474  Plotting sample training batch.
2026-07-02 15:59:40,139  Plotting sample validation batch.
2026-07-02 15:59:40,858  Plotting sample test batch.
2026-07-02 15:59:41,583  epoch: 0
2026-07-02 16:10:41,684  metrics:
{'epoch': 0,
 'train_loss': 0.22843268513679504,
 'train_time': '0:07:46.735138',
 'val_loss': 0.04253949224948883,
 'avg_precision': 0.9830867648124695,
 'avg_recall': 0.9820429682731628,
 'avg_f1': 0.9825645685195923,
 'background_precision': 0.9983246326446533,
 'background_recall': 0.9784716963768005,
 'background_f1': 0.9882984161376953,
 'cloud_precision': 0.9306010007858276,
 'cloud_recall': 0.9943438768386841,
 'cloud_f1': 0.9614170789718628,
 'valid_time': '0:03:13.343716'}
2026-07-02 16:10:45,716  Training loop complete
2026-07-02 16:10:49,806  Weights saved @ /run/user/1873013943/gvfs/smb-share:server=sarlserver06.cas.vanderbilt.edu,share=sarl_commons06/Wernke_projects/GeoPACHA/Imagery_Machine_Learning/Image_Preprocessing/Cloud_Removal_Project/model/output_v3/cloud_model_weights.pth
2026-07-02 16:10:49,807  Model was not configured via ModelConfig, and therefore, will not be reconstructable form the model-bundle. You will need to initialize the model yourself and pass it to from_model_bundle().
2026-07-02 16:10:49,809  Creating bundle.
2026-07-02 16:10:52,123  Exporting to model to ONNX.
2026-07-02 16:11:02,399  No unused functions to remove
2026-07-02 16:11:02,402  The model version conversion is not supported by the onnxscript version converter and fallback is enabled. The model will be converted using the onnx C API (target version: 15).
2026-07-02 16:11:02,634  Failed to convert the model to the target version 15 using the ONNX C API. The model was not modified
Traceback (most recent call last):
  File "/home/kapitot/miniconda3/envs/rastervision/lib/python3.11/site-packages/onnxscript/version_converter/__init__.py", line 137, in call
    converted_proto = _c_api_utils.call_onnx_api(
                      ^^^^^^^^^^^^^^^^^^^^^^^^^^^
  File "/home/kapitot/miniconda3/envs/rastervision/lib/python3.11/site-packages/onnxscript/version_converter/_c_api_utils.py", line 65, in call_onnx_api
    result = func(proto)
             ^^^^^^^^^^^
  File "/home/kapitot/miniconda3/envs/rastervision/lib/python3.11/site-packages/onnxscript/version_converter/__init__.py", line 132, in _partial_convert_version
    return onnx.version_converter.convert_version(
           ^^^^^^^^^^^^^^^^^^^^^^^^^^^^^^^^^^^^^^^
  File "/home/kapitot/miniconda3/envs/rastervision/lib/python3.11/site-packages/onnx/version_converter.py", line 39, in convert_version
    converted_model_str = C.convert_version(model_str, target_version)
                          ^^^^^^^^^^^^^^^^^^^^^^^^^^^^^^^^^^^^^^^^^^^^
RuntimeError: /github/workspace/onnx/version_converter/BaseConverter.h:64: adapter_lookup: Assertion `false` failed: No Adapter To Version $17 for Resize
2026-07-02 16:11:02,659  Removed 991 unused nodes
2026-07-02 16:11:02,661  No unused functions to remove
2026-07-02 16:11:02,666  Skipping constant folding for node 'node_Split_1563' because it is graph input to preserve graph signature
2026-07-02 16:11:03,390  Removed 838 unused nodes
2026-07-02 16:11:03,392  Applied 218 of general pattern rewrite rules.
2026-07-02 16:11:03,396  No unused functions to remove
2026-07-02 16:11:03,398  Skipping constant folding for node 'node_Split_1563' because it is graph input to preserve graph signature
2026-07-02 16:11:03,502  Removed 6 unused nodes
2026-07-02 16:11:03,507  No unused functions to remove
2026-07-02 16:11:03,512  Replaced initializer 'val_1208' with existing initializer 'val_1186'
2026-07-02 16:11:03,513  Replaced initializer 'val_1212' with existing initializer 'val_1190'
2026-07-02 16:11:03,515  Replaced initializer 'val_1215' with existing initializer 'val_1193'
2026-07-02 16:11:03,516  Replaced initializer 'val_1234' with existing initializer 'val_1186'
2026-07-02 16:11:03,517  Replaced initializer 'val_1238' with existing initializer 'val_1190'
2026-07-02 16:11:03,517  Replaced initializer 'val_1241' with existing initializer 'val_1193'
2026-07-02 16:11:03,518  Replaced initializer 'val_1257' with existing initializer 'val_1186'
2026-07-02 16:11:03,518  Replaced initializer 'val_1261' with existing initializer 'val_1190'
2026-07-02 16:11:03,519  Replaced initializer 'val_1264' with existing initializer 'val_1193'
2026-07-02 16:11:03,520  Replaced initializer 'val_1277' with existing initializer 'val_1229'
2026-07-02 16:11:03,520  Replaced initializer 'val_1282' with existing initializer 'val_1186'
2026-07-02 16:11:03,521  Replaced initializer 'val_1286' with existing initializer 'val_1190'
2026-07-02 16:11:03,522  Replaced initializer 'val_1289' with existing initializer 'val_1193'
2026-07-02 16:11:03,522  Replaced initializer 'val_1305' with existing initializer 'val_1186'
2026-07-02 16:11:03,523  Replaced initializer 'val_1309' with existing initializer 'val_1190'
2026-07-02 16:11:03,524  Replaced initializer 'val_1312' with existing initializer 'val_1193'
2026-07-02 16:11:03,524  Replaced initializer 'val_1328' with existing initializer 'val_1186'
2026-07-02 16:11:03,525  Replaced initializer 'val_1332' with existing initializer 'val_1190'
2026-07-02 16:11:03,526  Replaced initializer 'val_1335' with existing initializer 'val_1193'
2026-07-02 16:11:03,526  Replaced initializer 'val_1348' with existing initializer 'val_1229'
2026-07-02 16:11:03,527  Replaced initializer 'val_1353' with existing initializer 'val_1186'
2026-07-02 16:11:03,528  Replaced initializer 'val_1357' with existing initializer 'val_1190'
2026-07-02 16:11:03,528  Replaced initializer 'val_1360' with existing initializer 'val_1193'
2026-07-02 16:11:03,529  Replaced initializer 'val_1376' with existing initializer 'val_1186'
2026-07-02 16:11:03,529  Replaced initializer 'val_1380' with existing initializer 'val_1190'
2026-07-02 16:11:03,530  Replaced initializer 'val_1383' with existing initializer 'val_1193'
2026-07-02 16:11:03,530  Replaced initializer 'val_1399' with existing initializer 'val_1186'
2026-07-02 16:11:03,531  Replaced initializer 'val_1403' with existing initializer 'val_1190'
2026-07-02 16:11:03,532  Replaced initializer 'val_1406' with existing initializer 'val_1193'
2026-07-02 16:11:03,532  Replaced initializer 'val_1422' with existing initializer 'val_1186'
2026-07-02 16:11:03,533  Replaced initializer 'val_1426' with existing initializer 'val_1190'
2026-07-02 16:11:03,533  Replaced initializer 'val_1429' with existing initializer 'val_1193'
2026-07-02 16:11:03,534  Replaced initializer 'val_1442' with existing initializer 'val_1229'
2026-07-02 16:11:03,534  Replaced initializer 'val_1447' with existing initializer 'val_1186'
2026-07-02 16:11:03,535  Replaced initializer 'val_1451' with existing initializer 'val_1190'
2026-07-02 16:11:03,535  Replaced initializer 'val_1454' with existing initializer 'val_1193'
2026-07-02 16:11:03,536  Replaced initializer 'val_1470' with existing initializer 'val_1186'
2026-07-02 16:11:03,536  Replaced initializer 'val_1474' with existing initializer 'val_1190'
2026-07-02 16:11:03,537  Replaced initializer 'val_1477' with existing initializer 'val_1193'
2026-07-02 16:11:03,538  Replaced initializer 'val_1493' with existing initializer 'val_1186'
2026-07-02 16:11:03,538  Replaced initializer 'val_1497' with existing initializer 'val_1190'
2026-07-02 16:11:03,539  Replaced initializer 'val_1500' with existing initializer 'val_1193'
2026-07-02 16:11:03,539  Replaced initializer 'val_1516' with existing initializer 'val_1186'
2026-07-02 16:11:03,540  Replaced initializer 'val_1520' with existing initializer 'val_1190'
2026-07-02 16:11:03,540  Replaced initializer 'val_1523' with existing initializer 'val_1193'
2026-07-02 16:11:03,541  Replaced initializer 'val_1539' with existing initializer 'val_1186'
2026-07-02 16:11:03,542  Replaced initializer 'val_1543' with existing initializer 'val_1190'
2026-07-02 16:11:03,542  Replaced initializer 'val_1546' with existing initializer 'val_1193'
2026-07-02 16:11:03,543  Replaced initializer 'val_1559' with existing initializer 'val_1229'
2026-07-02 16:11:03,544  Replaced initializer 'val_1301' with existing initializer 'val_1253'
2026-07-02 16:11:03,545  Replaced initializer 'val_1324' with existing initializer 'val_1253'
2026-07-02 16:11:03,546  Replaced initializer 'val_1372' with existing initializer 'val_1253'
2026-07-02 16:11:03,546  Replaced initializer 'val_1395' with existing initializer 'val_1253'
2026-07-02 16:11:03,547  Replaced initializer 'val_1418' with existing initializer 'val_1253'
2026-07-02 16:11:03,548  Replaced initializer 'val_1466' with existing initializer 'val_1253'
2026-07-02 16:11:03,548  Replaced initializer 'val_1489' with existing initializer 'val_1253'
2026-07-02 16:11:03,549  Replaced initializer 'val_1512' with existing initializer 'val_1253'
2026-07-02 16:11:03,549  Replaced initializer 'val_1535' with existing initializer 'val_1253'
2026-07-02 16:11:04,112  Saving bundle to /run/user/1873013943/gvfs/smb-share:server=sarlserver06.cas.vanderbilt.edu,share=sarl_commons06/Wernke_projects/GeoPACHA/Imagery_Machine_Learning/Image_Preprocessing/Cloud_Removal_Project/model/output_v3/model-bundle.zip.
2026-07-02 16:12:05,117  Model bundle saved @ /run/user/1873013943/gvfs/smb-share:server=sarlserver06.cas.vanderbilt.edu,share=sarl_commons06/Wernke_projects/GeoPACHA/Imagery_Machine_Learning/Image_Preprocessing/Cloud_Removal_Project/model/output_v3/
2026-07-02 16:12:05,119  Making and plotting sample predictions on the valid set...
2026-07-02 16:12:05,996  Sample predictions written to /run/user/1873013943/gvfs/smb-share:server=sarlserver06.cas.vanderbilt.edu,share=sarl_commons06/Wernke_projects/GeoPACHA/Imagery_Machine_Learning/Image_Preprocessing/Cloud_Removal_Project/model/output_v3/valid_preds.png.
2026-07-02 16:12:05,996  Validation prediction plots saved
