2026-07-02 16:18:43,847  Matched 12 image/AOI pairs
2026-07-02 16:18:43,848  Building dataloaders…
2026-07-02 16:19:10,230  Tile counts — train: 7081 val: 3058  test: 5936
2026-07-02 16:19:10,871  Model loaded (FPN/ResNet50, 8-band input, 2 output classes)
2026-07-02 16:19:11,117  Loading checkpoint from /run/user/1873013943/gvfs/smb-share:server=sarlserver06.cas.vanderbilt.edu,share=sarl_commons06/Wernke_projects/GeoPACHA/Imagery_Machine_Learning/Image_Preprocessing/Cloud_Removal_Project/model/output_v3/last-model.pth
2026-07-02 16:19:13,441  Starting training for 10 epochs
2026-07-02 16:19:13,453  Resuming training from epoch 1
2026-07-02 16:19:13,455  train_ds: 7081 items
2026-07-02 16:19:13,456  test_ds: 5936 items
2026-07-02 16:19:13,456  Plotting sample training batch.
2026-07-02 16:19:14,132  Plotting sample validation batch.
2026-07-02 16:19:14,865  Plotting sample test batch.
2026-07-02 16:19:15,614  epoch: 1
2026-07-02 16:29:58,117  metrics:
{'epoch': 1,
 'train_loss': 0.14045555889606476,
 'train_time': '0:07:30.981910',
 'val_loss': 0.024589037522673607,
 'avg_precision': 0.9854012727737427,
 'avg_recall': 0.9846036434173584,
 'avg_f1': 0.9850022792816162,
 'background_precision': 0.9987302422523499,
 'background_recall': 0.9813814163208008,
 'background_f1': 0.9899798631668091,
 'cloud_precision': 0.9394903779029846,
 'cloud_recall': 0.99570232629776,
 'cloud_f1': 0.9667799472808838,
 'valid_time': '0:03:11.510225'}
2026-07-02 16:30:02,193  epoch: 2
2026-07-02 16:40:39,787  metrics:
{'epoch': 2,
 'train_loss': 0.13888058066368103,
 'train_time': '0:07:27.466150',
 'val_loss': 0.05259077996015549,
 'avg_precision': 0.9800381064414978,
 'avg_recall': 0.9798084497451782,
 'avg_f1': 0.9799233078956604,
 'background_precision': 0.9901925325393677,
 'background_recall': 0.9836893677711487,
 'background_f1': 0.9869301915168762,
 'cloud_precision': 0.9450620412826538,
 'cloud_recall': 0.9664407968521118,
 'cloud_f1': 0.9556319117546082,
 'valid_time': '0:03:10.114748'}
2026-07-02 16:40:44,012  epoch: 3
2026-07-02 16:51:19,607  metrics:
{'epoch': 3,
 'train_loss': 0.13889747858047485,
 'train_time': '0:07:26.136180',
 'val_loss': 0.037441931664943695,
 'avg_precision': 0.9865113496780396,
 'avg_recall': 0.9860694408416748,
 'avg_f1': 0.9862903952598572,
 'background_precision': 0.9970582723617554,
 'background_recall': 0.9849310517311096,
 'background_f1': 0.9909575581550598,
 'cloud_precision': 0.9501831531524658,
 'cloud_recall': 0.9899905920028687,
 'cloud_f1': 0.969678521156311,
 'valid_time': '0:03:09.447118'}
2026-07-02 16:51:23,634  epoch: 4
2026-07-02 17:01:57,469  metrics:
{'epoch': 4,
 'train_loss': 0.13368293642997742,
 'train_time': '0:07:26.141004',
 'val_loss': 0.07711151242256165,
 'avg_precision': 0.9698657393455505,
 'avg_recall': 0.9700770378112793,
 'avg_f1': 0.9699713587760925,
 'background_precision': 0.9748495817184448,
 'background_recall': 0.9868496656417847,
 'background_f1': 0.9808129072189331,
 'cloud_precision': 0.9526993036270142,
 'cloud_recall': 0.9123049378395081,
 'cloud_f1': 0.9320646524429321,
 'valid_time': '0:03:07.680303'}
2026-07-02 17:02:01,511  epoch: 5
2026-07-02 17:12:32,973  metrics:
{'epoch': 5,
 'train_loss': 0.13106463849544525,
 'train_time': '0:07:26.107677',
 'val_loss': 0.037472520023584366,
 'avg_precision': 0.9813717007637024,
 'avg_recall': 0.9799836874008179,
 'avg_f1': 0.9806771874427795,
 'background_precision': 0.9986898899078369,
 'background_recall': 0.9754520654678345,
 'background_f1': 0.986934244632721,
 'cloud_precision': 0.9217202067375183,
 'cloud_recall': 0.9955922961235046,
 'cloud_f1': 0.957233190536499,
 'valid_time': '0:03:05.340668'}
2026-07-02 17:12:37,017  epoch: 6
2026-07-02 17:23:07,077  metrics:
{'epoch': 6,
 'train_loss': 0.11506011337041855,
 'train_time': '0:07:25.129931',
 'val_loss': 0.027422869578003883,
 'avg_precision': 0.9877479076385498,
 'avg_recall': 0.9875485897064209,
 'avg_f1': 0.9876481890678406,
 'background_precision': 0.9956145882606506,
 'background_recall': 0.9882866740226746,
 'background_f1': 0.9919371008872986,
 'cloud_precision': 0.9606517553329468,
 'cloud_recall': 0.9850059151649475,
 'cloud_f1': 0.9726763367652893,
 'valid_time': '0:03:04.915958'}
2026-07-02 17:23:11,111  epoch: 7
2026-07-02 17:33:41,161  metrics:
{'epoch': 7,
 'train_loss': 0.11466237157583237,
 'train_time': '0:07:25.142504',
 'val_loss': 0.026389718055725098,
 'avg_precision': 0.9878808259963989,
 'avg_recall': 0.9876476526260376,
 'avg_f1': 0.9877642393112183,
 'background_precision': 0.9961112141609192,
 'background_recall': 0.9879182577133179,
 'background_f1': 0.9919977784156799,
 'cloud_precision': 0.9595317244529724,
 'cloud_recall': 0.9867156744003296,
 'cloud_f1': 0.9729338884353638,
 'valid_time': '0:03:04.893588'}
2026-07-02 17:33:45,181  epoch: 8
2026-07-02 17:44:13,572  metrics:
{'epoch': 8,
 'train_loss': 0.10446389764547348,
 'train_time': '0:07:24.043894',
 'val_loss': 0.025523196905851364,
 'avg_precision': 0.9873741865158081,
 'avg_recall': 0.9869670867919922,
 'avg_f1': 0.9871706366539001,
 'background_precision': 0.9974353909492493,
 'background_recall': 0.9857177734375,
 'background_f1': 0.9915420413017273,
 'cloud_precision': 0.95271897315979,
 'cloud_recall': 0.9912700653076172,
 'cloud_f1': 0.971612274646759,
 'valid_time': '0:03:04.333728'}
2026-07-02 17:44:17,638  epoch: 9
2026-07-02 17:54:46,047  metrics:
{'epoch': 9,
 'train_loss': 0.10062731802463531,
 'train_time': '0:07:23.681264',
 'val_loss': 0.02089674584567547,
 'avg_precision': 0.9871825575828552,
 'avg_recall': 0.9866814613342285,
 'avg_f1': 0.9869319200515747,
 'background_precision': 0.9980653524398804,
 'background_recall': 0.9847235679626465,
 'background_f1': 0.9913495779037476,
 'cloud_precision': 0.9496974945068359,
 'cloud_recall': 0.9934253096580505,
 'cloud_f1': 0.9710693955421448,
 'valid_time': '0:03:04.714236'}
2026-07-02 17:54:50,138  epoch: 10
